[07:23:40.213] [tid=1497823] [[32minfo[m] [JoinMethodRegistry] seq=0 Registered method: BruteForce (algo=0)
[07:23:40.213] [tid=1497823] [[32minfo[m] [JoinMethodRegistry] seq=1 Registered method: ClusteredJoin (algo=4)
[07:23:40.213] [tid=1497823] [[32minfo[m] [JoinMethodRegistry] seq=2 Registered method: HDRTree (algo=3)
[07:23:40.213] [tid=1497823] [[32minfo[m] [JoinMethodRegistry] seq=3 Registered method: HNSW (algo=2)
[07:23:40.213] [tid=1497823] [[32minfo[m] [JoinMethodRegistry] seq=4 Registered method: IVF (algo=1)
[07:23:40.213] [tid=1497823] [[32minfo[m] [JoinMethodRegistry] seq=5 Registered method: S3J (algo=5)
Running main() from /root/sageFlow/build/_deps/googletest-src/googletest/src/gtest_main.cc
[07:23:40.213] [tid=1497823] [[32minfo[m] [IntegrationTest] seq=6 Loading test cases from: /root/sageFlow/config/integration_test_cases.toml
[07:23:40.215] [tid=1497823] [[32minfo[m] [IntegrationTestConfig] seq=7 Loaded 57 test cases from /root/sageFlow/config/integration_test_cases.toml
[07:23:40.215] [tid=1497823] [[32minfo[m] [IntegrationTest] seq=8 Loaded 32 enabled test cases
[07:23:40.215] [tid=1497823] [[32minfo[m] [IntegrationTest] seq=9 Loading test cases from: /root/sageFlow/config/integration_test_cases.toml
[07:23:40.217] [tid=1497823] [[32minfo[m] [IntegrationTestConfig] seq=10 Loaded 57 test cases from /root/sageFlow/config/integration_test_cases.toml
[07:23:40.217] [tid=1497823] [[32minfo[m] [IntegrationTest] seq=11 Loaded 32 enabled test cases
Note: Google Test filter = *clustered_k_sweep*
[==========] Running 4 tests from 1 test suite.
[----------] Global test environment set-up.
[----------] 4 tests from AllBaselineMethods/JoinBaselineIntegrationTest
[ RUN      ] AllBaselineMethods/JoinBaselineIntegrationTest.ExecuteWithAllConfigurations/clustered_k_sweep_k1
[07:23:40.218] [tid=1497823] [[33m[1mwarning[m] [IntegrationTest] seq=12 [clustered_k_sweep_k1] Config warning: ClusteredJoin: num_partitions=4 should equal parallelism to avoid recall loss. Runtime check will enforce this constraint.
[07:23:40.218] [tid=1497823] [[32minfo[m] [IntegrationTest] seq=13 SetUp test case: TestCase{name=clustered_k_sweep_k1, algorithm=clustered_join, sizes=[500], parallelism=[4], min_recall=0.6, enabled=true}
[07:23:40.218] [tid=1497823] [[32minfo[m] [IntegrationTest] seq=14 [clustered_k_sweep_k1] Testing with data_size=500, parallelism=4
[07:23:40.218] [tid=1497823] [[32minfo[m] [IntegrationTest] seq=15 [clustered_k_sweep_k1] Generating data: positive_pairs=500, near_threshold=50, negative_pairs=500, random_tail=150, threshold=0.8
[07:23:40.245] [tid=1497823] [[32minfo[m] [TEST] seq=16 [JoinDataSourcePair] Generated 2250 left and 2250 right records
[07:23:40.246] [tid=1497823] [[32minfo[m] [IntegrationTest] seq=17 [clustered_k_sweep_k1] Split into left=2250 records, right=2250 records
[07:23:41.829] [tid=1497823] [[32minfo[m] [IntegrationTest] seq=18 [clustered_k_sweep_k1] Expected matches (all pairs with sim >= 0.80): 2838544
[07:23:41.829] [tid=1497823] [[32minfo[m] [ENV] seq=19 Building execution graph streams=2 
[07:23:41.829] [tid=1497823] [[32minfo[m] [JOIN] seq=20 JoinOperator created with strategy config: algorithm=clustered_join partition=centroid window_state=partitioned
[07:23:41.830] [tid=1497823] [[32minfo[m] [JOIN] seq=21 Created CentroidPartitioner for ClusteredJoin: partitions=4 overlap=0.10 multicast=true multicast_k=1
[07:23:41.830] [tid=1497823] [[32minfo[m] [GRAPH] seq=22 Using multicast-capable partitioner for connection OutputOperator -> JoinOperator (slot=1)
[07:23:41.831] [tid=1497823] [[32minfo[m] [JOIN] seq=24 Created CentroidPartitioner for ClusteredJoin: partitions=4 overlap=0.10 multicast=true multicast_k=1
[07:23:41.831] [tid=1497823] [[32minfo[m] [GRAPH] seq=25 Using multicast-capable partitioner for connection OutputOperator -> JoinOperator (slot=0)
[07:23:41.831] [tid=1497823] [[32minfo[m] [GRAPH] seq=26 Starting ExecutionGraph operators=4 
[07:23:41.832] [tid=1497826] [[32minfo[m] [JOIN] seq=31 Initializing with strategy config: algorithm=clustered_join parallelism=4
[07:23:41.832] [tid=1497826] [[32minfo[m] [JOIN_FACTORY] seq=32 Created index pair: left=0 right=1 type=2
[07:23:41.832] [tid=1497826] [[32minfo[m] [ClusteredJoin] seq=33 Created with threshold=0.8, dimension=128, index_type=0
[07:23:41.832] [tid=1497826] [[32minfo[m] [JOIN_FACTORY] seq=34 Creating CentroidPartitioner: partitions=4 cold_start=true training_samples=200 multicast_k=1
[07:23:41.832] [tid=1497826] [[32minfo[m] [JOIN_FACTORY] seq=35 Creating CentroidPartitioner: partitions=4 cold_start=true training_samples=200 multicast_k=1
[07:23:41.832] [tid=1497826] [[32minfo[m] [JOIN_FACTORY] seq=36 Created strategy components: algorithm=clustered_join partition=centroid window_state=partitioned
[07:23:41.832] [tid=1497826] [[32minfo[m] [ClusteredJoin] seq=37 Initialized subtask 0 of 4, effective_parallelism=4
[07:23:41.832] [tid=1497826] [[32minfo[m] [ClusteredJoin] seq=38 WindowStates set: left=true, right=true, index_type=0
[07:23:41.832] [tid=1497826] [[32minfo[m] [ClusteredJoin] seq=39 BruteForce mode: will use WindowState directly instead of ConcurrencyManager
[07:23:41.832] [tid=1497826] [[32minfo[m] [ClusteredJoin] seq=40 Index IDs set: left=0, right=1
[07:23:41.832] [tid=1497826] [[32minfo[m] [JOIN] seq=41 ClusteredJoinMethod initialized via strategy config, subtask=0/4 left_idx=0 right_idx=1 effective_p=1 index_type=0
[07:23:41.832] [tid=1497826] [[32minfo[m] [JOIN] seq=42 JoinOperator initialized with strategy config: subtask=0/4 shared_state=false
[07:23:41.832] [tid=1497823] [[32minfo[m] [GRAPH] seq=43 All ExecutionVertices started
[07:23:41.832] [tid=1497823] [[32minfo[m] [ENV] seq=45 StreamEnvironment started
[07:23:41.832] [tid=1497823] [[32minfo[m] [LOG] seq=47 log_level_applied level=info 
[07:23:41.833] [tid=1497826] [[32minfo[m] [JOIN_DEBUG_MATCH] seq=52 subtask=0/4 slot=0 uid=1 matches_this=0 total_matches=0
[07:23:41.833] [tid=1497828] [[32minfo[m] [JOIN_MATCH_DETAIL] seq=281 Match: slot=1 query_uid=500001 cand_uid=1 result_uid=1500001
[07:23:41.833] [tid=1497829] [[32minfo[m] [JOIN_MATCH_DETAIL] seq=282 Match: slot=1 query_uid=500001 cand_uid=1 result_uid=1500001
[07:23:41.833] [tid=1497829] [[32minfo[m] [JOIN_MATCH_DETAIL] seq=307 Match: slot=1 query_uid=500001 cand_uid=2 result_uid=2500001
[07:23:41.833] [tid=1497826] [[32minfo[m] [JOIN_MATCH_DETAIL] seq=295 Match: slot=1 query_uid=500001 cand_uid=1 result_uid=1500001
[07:23:41.833] [tid=1497828] [[32minfo[m] [JOIN_MATCH_DETAIL] seq=298 Match: slot=1 query_uid=500001 cand_uid=2 result_uid=2500001
[07:23:41.833] [tid=1497828] [[32minfo[m] [JOIN_MATCH_DETAIL] seq=318 Match: slot=1 query_uid=500001 cand_uid=3 result_uid=3500001
[07:23:41.833] [tid=1497826] [[32minfo[m] [JOIN_MATCH_DETAIL] seq=315 Match: slot=1 query_uid=500001 cand_uid=2 result_uid=2500001
[07:23:41.833] [tid=1497829] [[32minfo[m] [JOIN_MATCH_DETAIL] seq=316 Match: slot=1 query_uid=500001 cand_uid=3 result_uid=3500001
[07:23:41.833] [tid=1497827] [[32minfo[m] [JOIN_MATCH_DETAIL] seq=317 Match: slot=1 query_uid=500001 cand_uid=1 result_uid=1500001
[07:23:41.833] [tid=1497826] [[32minfo[m] [JOIN_MATCH_DETAIL] seq=320 Match: slot=1 query_uid=500001 cand_uid=3 result_uid=3500001
[07:23:41.833] [tid=1497827] [[32minfo[m] [JOIN_MATCH_DETAIL] seq=322 Match: slot=1 query_uid=500001 cand_uid=2 result_uid=2500001
[07:23:41.834] [tid=1497826] [[32minfo[m] [JOIN_MATCH_DETAIL] seq=323 Match: slot=1 query_uid=500001 cand_uid=4 result_uid=4500001
[07:23:41.833] [tid=1497829] [[32minfo[m] [JOIN_MATCH_DETAIL] seq=321 Match: slot=1 query_uid=500001 cand_uid=4 result_uid=4500001
[07:23:41.834] [tid=1497826] [[32minfo[m] [JOIN_MATCH_DETAIL] seq=325 Match: slot=1 query_uid=500001 cand_uid=5 result_uid=5500001
[07:23:41.834] [tid=1497826] [[32minfo[m] [JOIN_MATCH_DETAIL] seq=326 Match: slot=1 query_uid=500001 cand_uid=6 result_uid=6500001
[07:23:41.834] [tid=1497827] [[32minfo[m] [JOIN_MATCH_DETAIL] seq=324 Match: slot=1 query_uid=500001 cand_uid=3 result_uid=3500001
[07:23:41.834] [tid=1497826] [[32minfo[m] [JOIN_MATCH_DETAIL] seq=328 Match: slot=1 query_uid=500001 cand_uid=7 result_uid=7500001
[07:23:41.833] [tid=1497828] [[32minfo[m] [JOIN_MATCH_DETAIL] seq=319 Match: slot=1 query_uid=500001 cand_uid=4 result_uid=4500001
[07:23:41.834] [tid=1497829] [[32minfo[m] [JOIN_MATCH_DETAIL] seq=327 Match: slot=1 query_uid=500001 cand_uid=5 result_uid=5500001
[07:23:41.834] [tid=1497827] [[32minfo[m] [JOIN_MATCH_DETAIL] seq=329 Match: slot=1 query_uid=500001 cand_uid=4 result_uid=4500001
[07:23:41.855] [tid=1497830] [[32minfo[m] [CentroidPartitioner] seq=8780 Cold-start training triggered with 1000 samples
[07:23:41.858] [tid=1497831] [[32minfo[m] [CentroidPartitioner] seq=9867 Cold-start training triggered with 1000 samples
[07:23:41.867] [tid=1497830] [[32minfo[m] [CentroidPartitioner] seq=17131 Training completed with 4 partitions, first 4 centroids[0]: -0.010811 -0.008819 0.009975 0.013181 
[07:23:41.867] [tid=1497830] [[32minfo[m] [CentroidPartitioner] seq=17189 Cold-start training completed
[07:23:41.867] [tid=1497830] [[32minfo[m] [CentroidPartitioner] seq=17424 partitionMulti: uid=501000, getPartitions returned 1 partitions, multicast_k=1
[07:23:41.867] [tid=1497830] [[32minfo[m] [CentroidPartitioner] seq=17485 partitionMulti: uid=501001, getPartitions returned 1 partitions, multicast_k=1
[07:23:41.867] [tid=1497830] [[32minfo[m] [CentroidPartitioner] seq=17508 partitionMulti: uid=501002, getPartitions returned 1 partitions, multicast_k=1
[07:23:41.867] [tid=1497830] [[32minfo[m] [CentroidPartitioner] seq=17536 partitionMulti: uid=501003, getPartitions returned 1 partitions, multicast_k=1
[07:23:41.867] [tid=1497830] [[32minfo[m] [CentroidPartitioner] seq=17551 partitionMulti: uid=501004, getPartitions returned 1 partitions, multicast_k=1
[07:23:41.870] [tid=1497831] [[32minfo[m] [CentroidPartitioner] seq=19374 Training completed with 4 partitions, first 4 centroids[0]: -0.010811 -0.008819 0.009975 0.013181 
[07:23:41.871] [tid=1497831] [[32minfo[m] [CentroidPartitioner] seq=20468 Cold-start training completed
[07:23:41.872] [tid=1497831] [[32minfo[m] [CentroidPartitioner] seq=20714 partitionMulti: uid=1000, getPartitions returned 1 partitions, multicast_k=1
[07:23:41.872] [tid=1497831] [[32minfo[m] [CentroidPartitioner] seq=20772 partitionMulti: uid=1001, getPartitions returned 1 partitions, multicast_k=1
[07:23:41.872] [tid=1497831] [[32minfo[m] [CentroidPartitioner] seq=20799 partitionMulti: uid=1002, getPartitions returned 1 partitions, multicast_k=1
[07:23:41.872] [tid=1497831] [[32minfo[m] [CentroidPartitioner] seq=20822 partitionMulti: uid=1003, getPartitions returned 1 partitions, multicast_k=1
[07:23:41.872] [tid=1497831] [[32minfo[m] [CentroidPartitioner] seq=20823 partitionMulti: uid=1004, getPartitions returned 1 partitions, multicast_k=1
[07:23:41.874] [tid=1497830] [[32minfo[m] [VERTEX] seq=22096 OutputOperator[0] finished
[07:23:41.874] [tid=1497827] [[32minfo[m] [JOIN_DEBUG_MATCH] seq=22122 subtask=1/4 slot=1 uid=500056 matches_this=36 total_matches=10252
[07:23:41.878] [tid=1497831] [[32minfo[m] [VERTEX] seq=25520 OutputOperator[0] finished
[07:23:41.947] [tid=1497826] [[32minfo[m] [JOIN_DEBUG_MATCH] seq=83725 subtask=0/4 slot=1 uid=500118 matches_this=58 total_matches=40448
[07:23:42.020] [tid=1497829] [[32minfo[m] [JOIN_DEBUG_MATCH] seq=181979 subtask=3/4 slot=1 uid=500184 matches_this=65 total_matches=88807
[07:23:42.137] [tid=1497829] [[32minfo[m] [JOIN_DEBUG_MATCH] seq=326792 subtask=3/4 slot=1 uid=500252 matches_this=132 total_matches=160772
[07:23:42.276] [tid=1497828] [[32minfo[m] [JOIN_DEBUG_MATCH] seq=511491 subtask=2/4 slot=0 uid=320 matches_this=139 total_matches=251967
[07:23:42.455] [tid=1497828] [[32minfo[m] [JOIN_DEBUG_MATCH] seq=737465 subtask=2/4 slot=0 uid=383 matches_this=322 total_matches=363826
[07:23:42.652] [tid=1497828] [[32minfo[m] [JOIN_DEBUG_MATCH] seq=996734 subtask=2/4 slot=1 uid=500432 matches_this=214 total_matches=494830
[07:23:42.812] [tid=1497829] [[32minfo[m] [ClusteredJoin] seq=1204264 BF subtask=3: query_uid=500494, window_size=506, results=247
[07:23:42.885] [tid=1497827] [[32minfo[m] [JOIN_DEBUG_MATCH] seq=1295913 subtask=1/4 slot=0 uid=502 matches_this=213 total_matches=641621
[07:23:42.897] [tid=1497828] [[32minfo[m] [ClusteredJoin] seq=1305919 BF subtask=2: query_uid=507, window_size=493, results=442
[07:23:42.907] [tid=1497827] [[32minfo[m] [ClusteredJoin] seq=1314075 BF subtask=1: query_uid=507, window_size=493, results=442
[07:23:42.926] [tid=1497826] [[32minfo[m] [ClusteredJoin] seq=1345196 BF subtask=0: query_uid=507, window_size=493, results=442
[07:23:43.200] [tid=1497828] [[32minfo[m] [JOIN_DEBUG_MATCH] seq=1637853 subtask=2/4 slot=0 uid=569 matches_this=493 total_matches=811623
[07:23:43.547] [tid=1497829] [[32minfo[m] [JOIN_DEBUG_MATCH] seq=2015928 subtask=3/4 slot=0 uid=657 matches_this=572 total_matches=1000923
[07:23:43.930] [tid=1497829] [[32minfo[m] [JOIN_DEBUG_MATCH] seq=2426298 subtask=3/4 slot=1 uid=500712 matches_this=327 total_matches=1205546
[07:23:44.287] [tid=1497826] [[32minfo[m] [JOIN_DEBUG_MATCH] seq=2882092 subtask=0/4 slot=0 uid=724 matches_this=228 total_matches=1433125
[07:23:44.877] [tid=1497827] [[32minfo[m] [JOIN_DEBUG_MATCH] seq=3382272 subtask=1/4 slot=0 uid=830 matches_this=278 total_matches=1681919
[07:23:45.391] [tid=1497827] [[32minfo[m] [JOIN_DEBUG_MATCH] seq=3923083 subtask=1/4 slot=0 uid=890 matches_this=422 total_matches=1951630
[07:23:45.895] [tid=1497829] [[32minfo[m] [JOIN_DEBUG_MATCH] seq=4510049 subtask=3/4 slot=1 uid=500967 matches_this=869 total_matches=2243851
[07:23:46.040] [tid=1497829] [[32minfo[m] [ClusteredJoin] seq=4739943 BF subtask=3: query_uid=500994, window_size=1006, results=311
[07:23:46.244] [tid=1497827] [[32minfo[m] [ClusteredJoin] seq=5073005 BF subtask=1: query_uid=1020, window_size=993, results=0
[07:23:46.267] [tid=1497826] [[32minfo[m] [JOIN_DEBUG_MATCH] seq=5114265 subtask=0/4 slot=0 uid=971 matches_this=844 total_matches=2542206
[07:23:46.355] [tid=1497828] [[32minfo[m] [ClusteredJoin] seq=5224291 BF subtask=2: query_uid=1039, window_size=993, results=876
[07:23:46.508] [tid=1497826] [[32minfo[m] [ClusteredJoin] seq=5462719 BF subtask=0: query_uid=1046, window_size=993, results=0
[07:23:46.699] [tid=1497828] [[32minfo[m] [JOIN_DEBUG_MATCH] seq=5798292 subtask=2/4 slot=0 uid=1237 matches_this=716 total_matches=2867946
[07:23:47.171] [tid=1497826] [[32minfo[m] [JOIN_DEBUG_MATCH] seq=6586875 subtask=0/4 slot=1 uid=501657 matches_this=408 total_matches=3177125
[07:23:47.510] [tid=1497827] [[32minfo[m] [JOIN_DEBUG_MATCH] seq=7204525 subtask=1/4 slot=0 uid=1902 matches_this=274 total_matches=3380546
[07:23:47.962] [tid=1497829] [[32minfo[m] [JOIN_DEBUG_MATCH] seq=7820586 subtask=3/4 slot=1 uid=501854 matches_this=418 total_matches=3571978
[07:23:48.593] [tid=1497823] [[32minfo[m] [PipelineHelper] seq=8331808 JoinOperator emits stable at 3730553
[07:24:18.593] [tid=1497823] [[33m[1mwarning[m] [PipelineHelper] seq=8331809 Sink did not process all emits: target=3730553 actual=1818938
[07:24:18.593] [tid=1497823] [[32minfo[m] [ENV] seq=8331810 Stopping StreamEnvironment...
[07:24:18.593] [tid=1497823] [[32minfo[m] [GRAPH] seq=8331811 Stopping ExecutionGraph...
[07:24:18.600] [tid=1497823] [[32minfo[m] [GRAPH] seq=8331812 All ExecutionVertices stopped
[07:24:18.601] [tid=1497825] [[32minfo[m] [VERTEX] seq=8331813 SinkOperator[0] finished
[07:24:18.601] [tid=1497829] [[32minfo[m] [VERTEX] seq=8331816 JoinOperator[3] finished
[07:24:18.601] [tid=1497826] [[32minfo[m] [VERTEX] seq=8331814 JoinOperator[0] finished
[07:24:18.601] [tid=1497828] [[32minfo[m] [VERTEX] seq=8331815 JoinOperator[2] finished
[07:24:18.601] [tid=1497827] [[32minfo[m] [VERTEX] seq=8331817 JoinOperator[1] finished
[07:24:18.602] [tid=1497823] [[32minfo[m] [GRAPH] seq=8331818 All ExecutionVertices finished
[07:24:18.602] [tid=1497823] [[32minfo[m] [ENV] seq=8331819 StreamEnvironment terminated
[07:24:18.730] [tid=1497823] [[32minfo[m] [GRAPH] seq=8331820 Stopping ExecutionGraph...
[07:24:18.735] [tid=1497823] [[32minfo[m] [GRAPH] seq=8331821 All ExecutionVertices stopped
[07:24:18.735] [tid=1497823] [[32minfo[m] [GRAPH] seq=8331822 All ExecutionVertices finished
[07:24:18.825] [tid=1497823] [[32minfo[m] [JOIN_DEBUG] seq=8331823 Candidate stats: total_queries=10494 total_candidates=4569547 avg_per_query=435.44 filtered_by_ts=838994
[07:24:18.826] [tid=1497823] [[32minfo[m] [JOIN_QIQ_STATS] seq=8331824 QIQ per-vector avg time (including lock wait): Q1=0.00us (0 calls), Insert=0.00us (0 calls), Q2=0.00us (0 calls), Total=0.00us
[07:24:22.818] [tid=1497823] [[32minfo[m] [IntegrationTest] seq=8331826 [clustered_k_sweep_k1] Algorithm=clustered_join, Size=500, Para=4, Recall=0.6408, Precision=1.0000, Expected=2838544, Actual=1818938, TP=1818938, Dedup=1911615, Time=37017.77ms, PASSED
[07:24:22.819] [tid=1497823] [[32minfo[m] [IntegrationTest] seq=8331827 [clustered_k_sweep_k1] Breakdown: window=6242µs, index=23201µs, expire=17418µs, candidate=6784316µs, sim=1028239µs, join_func=10555266µs, emit=5107574µs, lock=0µs | records: L=5247, R=5247, emits=3730553
[07:24:22.839] [tid=1497823] [[32minfo[m] [IntegrationTest] seq=8331828 Results saved to: /root/sageFlow/test/result/integration/clustered_k_sweep_k1_results.csv
[07:24:22.839] [tid=1497823] [[32minfo[m] [IntegrationTest] seq=8331829 [clustered_k_sweep_k1] Completed: 1 configurations, 1 passed, 0 failed
[       OK ] AllBaselineMethods/JoinBaselineIntegrationTest.ExecuteWithAllConfigurations/clustered_k_sweep_k1 (42621 ms)
[ RUN      ] AllBaselineMethods/JoinBaselineIntegrationTest.ExecuteWithAllConfigurations/clustered_k_sweep_k4
[07:24:22.839] [tid=1497823] [[33m[1mwarning[m] [IntegrationTest] seq=8331830 [clustered_k_sweep_k4] Config warning: ClusteredJoin: num_partitions=4 should equal parallelism to avoid recall loss. Runtime check will enforce this constraint.
[07:24:22.839] [tid=1497823] [[33m[1mwarning[m] [IntegrationTest] seq=8331831 [clustered_k_sweep_k4] Config warning: ClusteredJoin with multicast_k=4 may increase memory usage and computation due to vector replication.
[07:24:22.839] [tid=1497823] [[32minfo[m] [IntegrationTest] seq=8331832 SetUp test case: TestCase{name=clustered_k_sweep_k4, algorithm=clustered_join, sizes=[500], parallelism=[4], min_recall=0.95, enabled=true}
[07:24:22.839] [tid=1497823] [[32minfo[m] [IntegrationTest] seq=8331833 [clustered_k_sweep_k4] Testing with data_size=500, parallelism=4
[07:24:22.839] [tid=1497823] [[32minfo[m] [IntegrationTest] seq=8331834 [clustered_k_sweep_k4] Generating data: positive_pairs=500, near_threshold=50, negative_pairs=500, random_tail=150, threshold=0.8
[07:24:22.855] [tid=1497823] [[32minfo[m] [TEST] seq=8331835 [JoinDataSourcePair] Generated 2250 left and 2250 right records
[07:24:22.856] [tid=1497823] [[32minfo[m] [IntegrationTest] seq=8331836 [clustered_k_sweep_k4] Split into left=2250 records, right=2250 records
[07:24:23.698] [tid=1497823] [[32minfo[m] [IntegrationTest] seq=8331837 [clustered_k_sweep_k4] Expected matches (all pairs with sim >= 0.80): 2838544
[07:24:23.698] [tid=1497823] [[32minfo[m] [ENV] seq=8331838 Building execution graph streams=2 
[07:24:23.698] [tid=1497823] [[32minfo[m] [JOIN] seq=8331839 JoinOperator created with strategy config: algorithm=clustered_join partition=centroid window_state=partitioned
[07:24:23.698] [tid=1497823] [[32minfo[m] [JOIN] seq=8331840 Created CentroidPartitioner for ClusteredJoin: partitions=4 overlap=0.10 multicast=true multicast_k=4
[07:24:23.698] [tid=1497823] [[32minfo[m] [GRAPH] seq=8331841 Using multicast-capable partitioner for connection OutputOperator -> JoinOperator (slot=1)
[07:24:23.698] [tid=1497823] [[32minfo[m] [JOIN] seq=8331843 Created CentroidPartitioner for ClusteredJoin: partitions=4 overlap=0.10 multicast=true multicast_k=4
[07:24:23.698] [tid=1497823] [[32minfo[m] [GRAPH] seq=8331844 Using multicast-capable partitioner for connection OutputOperator -> JoinOperator (slot=0)
[07:24:23.698] [tid=1497823] [[32minfo[m] [GRAPH] seq=8331845 Starting ExecutionGraph operators=4 
[07:24:23.698] [tid=1497915] [[32minfo[m] [JOIN] seq=8331848 Initializing with strategy config: algorithm=clustered_join parallelism=4
[07:24:23.698] [tid=1497915] [[32minfo[m] [JOIN_FACTORY] seq=8331850 Created index pair: left=0 right=1 type=2
[07:24:23.698] [tid=1497915] [[32minfo[m] [ClusteredJoin] seq=8331852 Created with threshold=0.8, dimension=128, index_type=0
[07:24:23.698] [tid=1497823] [[32minfo[m] [GRAPH] seq=8331853 All ExecutionVertices started
[07:24:23.698] [tid=1497823] [[32minfo[m] [ENV] seq=8331854 StreamEnvironment started
[07:24:23.698] [tid=1497823] [[32minfo[m] [LOG] seq=8331855 log_level_applied level=info 
[07:24:23.701] [tid=1497915] [[32minfo[m] [JOIN_FACTORY] seq=8331859 Creating CentroidPartitioner: partitions=4 cold_start=true training_samples=200 multicast_k=4
[07:24:23.702] [tid=1497915] [[32minfo[m] [JOIN_FACTORY] seq=8331860 Creating CentroidPartitioner: partitions=4 cold_start=true training_samples=200 multicast_k=4
[07:24:23.702] [tid=1497915] [[32minfo[m] [JOIN_FACTORY] seq=8331861 Created strategy components: algorithm=clustered_join partition=centroid window_state=partitioned
[07:24:23.702] [tid=1497915] [[32minfo[m] [ClusteredJoin] seq=8331862 Initialized subtask 0 of 4, effective_parallelism=4
[07:24:23.702] [tid=1497915] [[32minfo[m] [ClusteredJoin] seq=8331863 WindowStates set: left=true, right=true, index_type=0
[07:24:23.702] [tid=1497915] [[32minfo[m] [ClusteredJoin] seq=8331864 BruteForce mode: will use WindowState directly instead of ConcurrencyManager
[07:24:23.702] [tid=1497915] [[32minfo[m] [ClusteredJoin] seq=8331865 Index IDs set: left=0, right=1
[07:24:23.702] [tid=1497915] [[32minfo[m] [JOIN] seq=8331866 ClusteredJoinMethod initialized via strategy config, subtask=0/4 left_idx=0 right_idx=1 effective_p=1 index_type=0
[07:24:23.702] [tid=1497915] [[32minfo[m] [JOIN] seq=8331867 JoinOperator initialized with strategy config: subtask=0/4 shared_state=false
[07:24:23.703] [tid=1497915] [[32minfo[m] [JOIN_DEBUG_MATCH] seq=8331899 subtask=0/4 slot=1 uid=500004 matches_this=2 total_matches=3730564
[07:24:23.709] [tid=1497919] [[32minfo[m] [CentroidPartitioner] seq=8342906 Cold-start training triggered with 1000 samples
[07:24:23.709] [tid=1497920] [[32minfo[m] [CentroidPartitioner] seq=8342962 Cold-start training triggered with 1000 samples
[07:24:23.720] [tid=1497920] [[32minfo[m] [CentroidPartitioner] seq=8358141 Training completed with 4 partitions, first 4 centroids[0]: -0.010811 -0.008819 0.009975 0.013181 
[07:24:23.720] [tid=1497919] [[32minfo[m] [CentroidPartitioner] seq=8358155 Training completed with 4 partitions, first 4 centroids[0]: -0.010811 -0.008819 0.009975 0.013181 
[07:24:23.720] [tid=1497920] [[32minfo[m] [CentroidPartitioner] seq=8358193 Cold-start training completed
[07:24:23.720] [tid=1497919] [[32minfo[m] [CentroidPartitioner] seq=8358194 Cold-start training completed
[07:24:23.720] [tid=1497920] [[32minfo[m] [CentroidPartitioner] seq=8358277 partitionMulti: uid=1000, getPartitions returned 4 partitions, multicast_k=4
[07:24:23.720] [tid=1497920] [[32minfo[m] [CentroidPartitioner] seq=8358303 partitionMulti: uid=1001, getPartitions returned 4 partitions, multicast_k=4
[07:24:23.720] [tid=1497920] [[32minfo[m] [CentroidPartitioner] seq=8358322 partitionMulti: uid=1002, getPartitions returned 4 partitions, multicast_k=4
[07:24:23.721] [tid=1497919] [[32minfo[m] [CentroidPartitioner] seq=8358346 partitionMulti: uid=501000, getPartitions returned 4 partitions, multicast_k=4
[07:24:23.721] [tid=1497920] [[32minfo[m] [CentroidPartitioner] seq=8358354 partitionMulti: uid=1003, getPartitions returned 4 partitions, multicast_k=4
[07:24:23.721] [tid=1497919] [[32minfo[m] [CentroidPartitioner] seq=8358362 partitionMulti: uid=501001, getPartitions returned 4 partitions, multicast_k=4
[07:24:23.721] [tid=1497920] [[32minfo[m] [CentroidPartitioner] seq=8358370 partitionMulti: uid=1004, getPartitions returned 4 partitions, multicast_k=4
[07:24:23.721] [tid=1497919] [[32minfo[m] [CentroidPartitioner] seq=8358373 partitionMulti: uid=501002, getPartitions returned 4 partitions, multicast_k=4
[07:24:23.721] [tid=1497919] [[32minfo[m] [CentroidPartitioner] seq=8358411 partitionMulti: uid=501003, getPartitions returned 4 partitions, multicast_k=4
[07:24:23.721] [tid=1497919] [[32minfo[m] [CentroidPartitioner] seq=8358415 partitionMulti: uid=501004, getPartitions returned 4 partitions, multicast_k=4
[07:24:23.724] [tid=1497916] [[32minfo[m] [JOIN_DEBUG_MATCH] seq=8361531 subtask=1/4 slot=1 uid=500087 matches_this=80 total_matches=3744578
[07:24:23.730] [tid=1497920] [[32minfo[m] [VERTEX] seq=8368719 OutputOperator[0] finished
[07:24:23.731] [tid=1497919] [[32minfo[m] [VERTEX] seq=8369069 OutputOperator[0] finished
[07:24:23.758] [tid=1497917] [[32minfo[m] [JOIN_DEBUG_MATCH] seq=8418894 subtask=2/4 slot=1 uid=500092 matches_this=34 total_matches=3772436
[07:24:23.809] [tid=1497915] [[32minfo[m] [JOIN_DEBUG_MATCH] seq=8518176 subtask=0/4 slot=0 uid=196 matches_this=95 total_matches=3821455
[07:24:23.886] [tid=1497915] [[32minfo[m] [JOIN_DEBUG_MATCH] seq=8662076 subtask=0/4 slot=1 uid=500255 matches_this=223 total_matches=3892606
[07:24:24.027] [tid=1497915] [[32minfo[m] [JOIN_DEBUG_MATCH] seq=8846484 subtask=0/4 slot=1 uid=500318 matches_this=116 total_matches=3984304
[07:24:24.214] [tid=1497918] [[32minfo[m] [JOIN_DEBUG_MATCH] seq=9070965 subtask=3/4 slot=0 uid=379 matches_this=341 total_matches=4095648
[07:24:24.431] [tid=1497917] [[32minfo[m] [JOIN_DEBUG_MATCH] seq=9335840 subtask=2/4 slot=0 uid=423 matches_this=380 total_matches=4227547
[07:24:24.644] [tid=1497916] [[32minfo[m] [ClusteredJoin] seq=9587984 BF subtask=1: query_uid=500, window_size=500, results=196
[07:24:24.646] [tid=1497918] [[32minfo[m] [ClusteredJoin] seq=9591150 BF subtask=3: query_uid=500, window_size=500, results=196
[07:24:24.669] [tid=1497915] [[32minfo[m] [ClusteredJoin] seq=9627702 BF subtask=0: query_uid=500, window_size=500, results=196
[07:24:24.672] [tid=1497918] [[32minfo[m] [JOIN_DEBUG_MATCH] seq=9631514 subtask=3/4 slot=0 uid=507 matches_this=456 total_matches=4375014
[07:24:24.700] [tid=1497917] [[32minfo[m] [ClusteredJoin] seq=9677056 BF subtask=2: query_uid=500, window_size=500, results=196
[07:24:24.854] [tid=1497915] [[32minfo[m] [JOIN_DEBUG_MATCH] seq=9972829 subtask=0/4 slot=0 uid=560 matches_this=274 total_matches=4543757
[07:24:25.045] [tid=1497915] [[32minfo[m] [JOIN_DEBUG_MATCH] seq=10352963 subtask=0/4 slot=1 uid=500627 matches_this=557 total_matches=4733807
[07:24:25.255] [tid=1497918] [[32minfo[m] [JOIN_DEBUG_MATCH] seq=10762844 subtask=3/4 slot=1 uid=500690 matches_this=291 total_matches=4937285
[07:24:25.490] [tid=1497916] [[32minfo[m] [JOIN_DEBUG_MATCH] seq=11222831 subtask=1/4 slot=0 uid=747 matches_this=670 total_matches=5167191
[07:24:25.743] [tid=1497916] [[32minfo[m] [JOIN_DEBUG_MATCH] seq=11719638 subtask=1/4 slot=1 uid=500807 matches_this=712 total_matches=5414980
[07:24:26.046] [tid=1497917] [[32minfo[m] [JOIN_DEBUG_MATCH] seq=12253160 subtask=2/4 slot=0 uid=857 matches_this=765 total_matches=5685793
[07:24:26.343] [tid=1497916] [[32minfo[m] [JOIN_DEBUG_MATCH] seq=12852117 subtask=1/4 slot=0 uid=928 matches_this=334 total_matches=5979067
[07:24:26.422] [tid=1497918] [[32minfo[m] [ClusteredJoin] seq=13002610 BF subtask=3: query_uid=1000, window_size=1000, results=270
[07:24:26.640] [tid=1497916] [[32minfo[m] [JOIN_DEBUG_MATCH] seq=13421754 subtask=1/4 slot=0 uid=984 matches_this=397 total_matches=6261409
[07:24:26.711] [tid=1497915] [[32minfo[m] [ClusteredJoin] seq=13556967 BF subtask=0: query_uid=1000, window_size=1000, results=270
[07:24:26.729] [tid=1497916] [[32minfo[m] [ClusteredJoin] seq=13582354 BF subtask=1: query_uid=1000, window_size=1000, results=270
[07:24:26.810] [tid=1497917] [[32minfo[m] [ClusteredJoin] seq=13720616 BF subtask=2: query_uid=1000, window_size=1000, results=270
[07:24:26.909] [tid=1497918] [[32minfo[m] [JOIN_DEBUG_MATCH] seq=13932557 subtask=3/4 slot=1 uid=501123 matches_this=860 total_matches=6522691
[07:24:27.224] [tid=1497917] [[32minfo[m] [JOIN_DEBUG_MATCH] seq=14577308 subtask=2/4 slot=0 uid=1085 matches_this=847 total_matches=6819019
[07:24:27.637] [tid=1497915] [[32minfo[m] [JOIN_DEBUG_MATCH] seq=15478802 subtask=0/4 slot=1 uid=501185 matches_this=871 total_matches=7233759
[07:24:28.075] [tid=1497916] [[32minfo[m] [JOIN_DEBUG_MATCH] seq=16417848 subtask=1/4 slot=1 uid=501256 matches_this=865 total_matches=7664998
[07:24:28.523] [tid=1497915] [[32minfo[m] [JOIN_DEBUG_MATCH] seq=17436954 subtask=0/4 slot=0 uid=1313 matches_this=878 total_matches=8099214
[07:24:28.957] [tid=1497915] [[32minfo[m] [JOIN_DEBUG_MATCH] seq=18467164 subtask=0/4 slot=0 uid=1375 matches_this=869 total_matches=8536315
[07:24:29.419] [tid=1497915] [[32minfo[m] [JOIN_DEBUG_MATCH] seq=19533411 subtask=0/4 slot=0 uid=1437 matches_this=891 total_matches=8976378
[07:24:29.440] [tid=1497918] [[32minfo[m] [ClusteredJoin] seq=19583380 BF subtask=3: query_uid=1500, window_size=1500, results=1331
[07:24:29.938] [tid=1497916] [[32minfo[m] [ClusteredJoin] seq=20578550 BF subtask=1: query_uid=1500, window_size=1500, results=1331
[07:24:29.959] [tid=1497915] [[32minfo[m] [JOIN_DEBUG_MATCH] seq=20626647 subtask=0/4 slot=1 uid=501493 matches_this=890 total_matches=9420262
[07:24:30.031] [tid=1497915] [[32minfo[m] [ClusteredJoin] seq=20782310 BF subtask=0: query_uid=1500, window_size=1500, results=1331
[07:24:30.411] [tid=1497917] [[32minfo[m] [ClusteredJoin] seq=21579022 BF subtask=2: query_uid=1500, window_size=1500, results=1331
[07:24:30.484] [tid=1497918] [[32minfo[m] [JOIN_DEBUG_MATCH] seq=21746418 subtask=3/4 slot=0 uid=1636 matches_this=914 total_matches=9868508
[07:24:30.938] [tid=1497916] [[32minfo[m] [JOIN_DEBUG_MATCH] seq=22871194 subtask=1/4 slot=0 uid=1631 matches_this=906 total_matches=10320695
[07:24:31.391] [tid=1497918] [[32minfo[m] [JOIN_DEBUG_MATCH] seq=24006011 subtask=3/4 slot=0 uid=1761 matches_this=923 total_matches=10776588
[07:24:31.872] [tid=1497916] [[32minfo[m] [JOIN_DEBUG_MATCH] seq=25152573 subtask=1/4 slot=1 uid=501761 matches_this=922 total_matches=11236536
[07:24:32.386] [tid=1497915] [[32minfo[m] [JOIN_DEBUG_MATCH] seq=26297411 subtask=0/4 slot=1 uid=501786 matches_this=928 total_matches=11700071
[07:24:32.866] [tid=1497917] [[32minfo[m] [JOIN_DEBUG_MATCH] seq=27457823 subtask=2/4 slot=0 uid=1828 matches_this=929 total_matches=12167323
[07:24:33.278] [tid=1497918] [[32minfo[m] [ClusteredJoin] seq=28368268 BF subtask=3: query_uid=2000, window_size=1501, results=1394
[07:24:33.389] [tid=1497915] [[32minfo[m] [JOIN_DEBUG_MATCH] seq=28619106 subtask=0/4 slot=1 uid=501905 matches_this=944 total_matches=12638034
[07:24:33.829] [tid=1497916] [[32minfo[m] [ClusteredJoin] seq=29713326 BF subtask=1: query_uid=2000, window_size=1501, results=1394
[07:24:33.862] [tid=1497918] [[32minfo[m] [JOIN_DEBUG_MATCH] seq=29787227 subtask=3/4 slot=1 uid=502076 matches_this=987 total_matches=13113889
[07:24:34.127] [tid=1497915] [[32minfo[m] [ClusteredJoin] seq=30456145 BF subtask=0: query_uid=2000, window_size=1501, results=1394
[07:24:34.167] [tid=1497917] [[32minfo[m] [ClusteredJoin] seq=30554896 BF subtask=2: query_uid=2000, window_size=1501, results=1394
[07:24:34.346] [tid=1497915] [[32minfo[m] [JOIN_DEBUG_MATCH] seq=30974220 subtask=0/4 slot=0 uid=2027 matches_this=964 total_matches=13597407
[07:24:34.825] [tid=1497918] [[32minfo[m] [JOIN_DEBUG_MATCH] seq=32171470 subtask=3/4 slot=0 uid=2199 matches_this=1001 total_matches=14091466
[07:24:35.352] [tid=1497916] [[32minfo[m] [JOIN_DEBUG_MATCH] seq=33377356 subtask=1/4 slot=0 uid=2202 matches_this=1001 total_matches=14591482
[07:24:36.282] [tid=1497823] [[32minfo[m] [PipelineHelper] seq=34571672 JoinOperator emits stable at 11354176
[07:25:06.285] [tid=1497823] [[33m[1mwarning[m] [PipelineHelper] seq=34571673 Sink did not process all emits: target=11354176 actual=2838544
[07:25:06.285] [tid=1497823] [[32minfo[m] [ENV] seq=34571674 Stopping StreamEnvironment...
[07:25:06.285] [tid=1497823] [[32minfo[m] [GRAPH] seq=34571675 Stopping ExecutionGraph...
[07:25:06.291] [tid=1497823] [[32minfo[m] [GRAPH] seq=34571676 All ExecutionVertices stopped
[07:25:06.291] [tid=1497918] [[32minfo[m] [VERTEX] seq=34571677 JoinOperator[3] finished
[07:25:06.291] [tid=1497914] [[32minfo[m] [VERTEX] seq=34571678 SinkOperator[0] finished
[07:25:06.291] [tid=1497917] [[32minfo[m] [VERTEX] seq=34571679 JoinOperator[2] finished
[07:25:06.291] [tid=1497916] [[32minfo[m] [VERTEX] seq=34571680 JoinOperator[1] finished
[07:25:06.291] [tid=1497915] [[32minfo[m] [VERTEX] seq=34571681 JoinOperator[0] finished
[07:25:06.294] [tid=1497823] [[32minfo[m] [GRAPH] seq=34571682 All ExecutionVertices finished
[07:25:06.294] [tid=1497823] [[32minfo[m] [ENV] seq=34571683 StreamEnvironment terminated
[07:25:06.308] [tid=1497823] [[32minfo[m] [GRAPH] seq=34571684 Stopping ExecutionGraph...
[07:25:06.313] [tid=1497823] [[32minfo[m] [GRAPH] seq=34571685 All ExecutionVertices stopped
[07:25:06.313] [tid=1497823] [[32minfo[m] [GRAPH] seq=34571686 All ExecutionVertices finished
[07:25:10.976] [tid=1497823] [[32minfo[m] [IntegrationTest] seq=34571688 [clustered_k_sweep_k4] Algorithm=clustered_join, Size=500, Para=4, Recall=1.0000, Precision=1.0000, Expected=2838544, Actual=2838544, TP=2838544, Dedup=8515632, Time=42733.44ms, PASSED
[07:25:10.976] [tid=1497823] [[32minfo[m] [IntegrationTest] seq=34571689 [clustered_k_sweep_k4] Breakdown: window=5249µs, index=102534µs, expire=26209µs, candidate=14676632µs, sim=2334934µs, join_func=18716471µs, emit=10224100µs, lock=0µs | records: L=9000, R=9000, emits=11354176
[07:25:10.977] [tid=1497823] [[32minfo[m] [IntegrationTest] seq=34571690 Results saved to: /root/sageFlow/test/result/integration/clustered_k_sweep_k4_results.csv
[07:25:10.977] [tid=1497823] [[32minfo[m] [IntegrationTest] seq=34571691 [clustered_k_sweep_k4] Completed: 1 configurations, 1 passed, 0 failed
[       OK ] AllBaselineMethods/JoinBaselineIntegrationTest.ExecuteWithAllConfigurations/clustered_k_sweep_k4 (48137 ms)
[ RUN      ] AllBaselineMethods/JoinBaselineIntegrationTest.ExecuteMinimalConfiguration/clustered_k_sweep_k1
[07:25:10.977] [tid=1497823] [[33m[1mwarning[m] [IntegrationTest] seq=34571692 [clustered_k_sweep_k1] Config warning: ClusteredJoin: num_partitions=4 should equal parallelism to avoid recall loss. Runtime check will enforce this constraint.
[07:25:10.977] [tid=1497823] [[32minfo[m] [IntegrationTest] seq=34571693 SetUp test case: TestCase{name=clustered_k_sweep_k1, algorithm=clustered_join, sizes=[500], parallelism=[4], min_recall=0.6, enabled=true}
[07:25:10.977] [tid=1497823] [[32minfo[m] [IntegrationTest] seq=34571694 [clustered_k_sweep_k1] Minimal test with data_size=500, parallelism=4
[07:25:10.977] [tid=1497823] [[32minfo[m] [IntegrationTest] seq=34571695 [clustered_k_sweep_k1] Generating data: positive_pairs=500, near_threshold=50, negative_pairs=500, random_tail=150, threshold=0.8
[07:25:10.993] [tid=1497823] [[32minfo[m] [TEST] seq=34571696 [JoinDataSourcePair] Generated 2250 left and 2250 right records
[07:25:10.993] [tid=1497823] [[32minfo[m] [IntegrationTest] seq=34571697 [clustered_k_sweep_k1] Split into left=2250 records, right=2250 records
[07:25:11.904] [tid=1497823] [[32minfo[m] [IntegrationTest] seq=34571698 [clustered_k_sweep_k1] Expected matches (all pairs with sim >= 0.80): 2838544
[07:25:11.904] [tid=1497823] [[32minfo[m] [ENV] seq=34571699 Building execution graph streams=2 
[07:25:11.904] [tid=1497823] [[32minfo[m] [JOIN] seq=34571700 JoinOperator created with strategy config: algorithm=clustered_join partition=centroid window_state=partitioned
[07:25:11.904] [tid=1497823] [[32minfo[m] [JOIN] seq=34571701 Created CentroidPartitioner for ClusteredJoin: partitions=4 overlap=0.10 multicast=true multicast_k=1
[07:25:11.904] [tid=1497823] [[32minfo[m] [GRAPH] seq=34571702 Using multicast-capable partitioner for connection OutputOperator -> JoinOperator (slot=1)
[07:25:11.904] [tid=1497823] [[32minfo[m] [JOIN] seq=34571704 Created CentroidPartitioner for ClusteredJoin: partitions=4 overlap=0.10 multicast=true multicast_k=1
[07:25:11.904] [tid=1497823] [[32minfo[m] [GRAPH] seq=34571705 Using multicast-capable partitioner for connection OutputOperator -> JoinOperator (slot=0)
[07:25:11.904] [tid=1497823] [[32minfo[m] [GRAPH] seq=34571706 Starting ExecutionGraph operators=4 
[07:25:11.905] [tid=1497823] [[32minfo[m] [GRAPH] seq=34571711 All ExecutionVertices started
[07:25:11.905] [tid=1497823] [[32minfo[m] [ENV] seq=34571712 StreamEnvironment started
[07:25:11.905] [tid=1497823] [[32minfo[m] [LOG] seq=34571714 log_level_applied level=info 
[07:25:11.905] [tid=1498008] [[32minfo[m] [JOIN] seq=34571717 Initializing with strategy config: algorithm=clustered_join parallelism=4
[07:25:11.905] [tid=1498008] [[32minfo[m] [JOIN_FACTORY] seq=34571718 Created index pair: left=0 right=1 type=2
[07:25:11.905] [tid=1498008] [[32minfo[m] [ClusteredJoin] seq=34571719 Created with threshold=0.8, dimension=128, index_type=0
[07:25:11.905] [tid=1498008] [[32minfo[m] [JOIN_FACTORY] seq=34571720 Creating CentroidPartitioner: partitions=4 cold_start=true training_samples=200 multicast_k=1
[07:25:11.909] [tid=1498008] [[32minfo[m] [JOIN_FACTORY] seq=34571721 Creating CentroidPartitioner: partitions=4 cold_start=true training_samples=200 multicast_k=1
[07:25:11.909] [tid=1498008] [[32minfo[m] [JOIN_FACTORY] seq=34571722 Created strategy components: algorithm=clustered_join partition=centroid window_state=partitioned
[07:25:11.909] [tid=1498008] [[32minfo[m] [ClusteredJoin] seq=34571723 Initialized subtask 1 of 4, effective_parallelism=4
[07:25:11.909] [tid=1498008] [[32minfo[m] [ClusteredJoin] seq=34571724 WindowStates set: left=true, right=true, index_type=0
[07:25:11.909] [tid=1498008] [[32minfo[m] [ClusteredJoin] seq=34571725 BruteForce mode: will use WindowState directly instead of ConcurrencyManager
[07:25:11.909] [tid=1498008] [[32minfo[m] [ClusteredJoin] seq=34571726 Index IDs set: left=0, right=1
[07:25:11.909] [tid=1498008] [[32minfo[m] [JOIN] seq=34571727 ClusteredJoinMethod initialized via strategy config, subtask=1/4 left_idx=0 right_idx=1 effective_p=1 index_type=0
[07:25:11.909] [tid=1498008] [[32minfo[m] [JOIN] seq=34571728 JoinOperator initialized with strategy config: subtask=1/4 shared_state=false
[07:25:11.909] [tid=1498008] [[32minfo[m] [JOIN_DEBUG_MATCH] seq=34571749 subtask=1/4 slot=1 uid=500007 matches_this=0 total_matches=15084729
[07:25:11.916] [tid=1498006] [[32minfo[m] [CentroidPartitioner] seq=34586748 Cold-start training triggered with 1000 samples
[07:25:11.917] [tid=1498011] [[32minfo[m] [CentroidPartitioner] seq=34586934 Cold-start training triggered with 1000 samples
[07:25:11.919] [tid=1498009] [[32minfo[m] [JOIN_DEBUG_MATCH] seq=34592354 subtask=2/4 slot=0 uid=53 matches_this=73 total_matches=15094305
[07:25:11.927] [tid=1498006] [[32minfo[m] [CentroidPartitioner] seq=34611759 Training completed with 4 partitions, first 4 centroids[0]: -0.010811 -0.008819 0.009975 0.013181 
[07:25:11.927] [tid=1498006] [[32minfo[m] [CentroidPartitioner] seq=34611855 Cold-start training completed
[07:25:11.927] [tid=1498006] [[32minfo[m] [CentroidPartitioner] seq=34611903 partitionMulti: uid=501000, getPartitions returned 1 partitions, multicast_k=1
[07:25:11.927] [tid=1498006] [[32minfo[m] [CentroidPartitioner] seq=34611963 partitionMulti: uid=501001, getPartitions returned 1 partitions, multicast_k=1
[07:25:11.927] [tid=1498006] [[32minfo[m] [CentroidPartitioner] seq=34612006 partitionMulti: uid=501002, getPartitions returned 1 partitions, multicast_k=1
[07:25:11.927] [tid=1498006] [[32minfo[m] [CentroidPartitioner] seq=34612036 partitionMulti: uid=501003, getPartitions returned 1 partitions, multicast_k=1
[07:25:11.927] [tid=1498006] [[32minfo[m] [CentroidPartitioner] seq=34612076 partitionMulti: uid=501004, getPartitions returned 1 partitions, multicast_k=1
[07:25:11.928] [tid=1498011] [[32minfo[m] [CentroidPartitioner] seq=34612853 Training completed with 4 partitions, first 4 centroids[0]: -0.010811 -0.008819 0.009975 0.013181 
[07:25:11.928] [tid=1498011] [[32minfo[m] [CentroidPartitioner] seq=34613128 Cold-start training completed
[07:25:11.928] [tid=1498011] [[32minfo[m] [CentroidPartitioner] seq=34613552 partitionMulti: uid=1000, getPartitions returned 1 partitions, multicast_k=1
[07:25:11.928] [tid=1498011] [[32minfo[m] [CentroidPartitioner] seq=34613617 partitionMulti: uid=1001, getPartitions returned 1 partitions, multicast_k=1
[07:25:11.928] [tid=1498011] [[32minfo[m] [CentroidPartitioner] seq=34613657 partitionMulti: uid=1002, getPartitions returned 1 partitions, multicast_k=1
[07:25:11.928] [tid=1498011] [[32minfo[m] [CentroidPartitioner] seq=34613681 partitionMulti: uid=1003, getPartitions returned 1 partitions, multicast_k=1
[07:25:11.928] [tid=1498011] [[32minfo[m] [CentroidPartitioner] seq=34613736 partitionMulti: uid=1004, getPartitions returned 1 partitions, multicast_k=1
[07:25:11.934] [tid=1498006] [[32minfo[m] [VERTEX] seq=34625110 OutputOperator[0] finished
[07:25:11.935] [tid=1498011] [[32minfo[m] [VERTEX] seq=34626270 OutputOperator[0] finished
[07:25:11.951] [tid=1498010] [[32minfo[m] [JOIN_DEBUG_MATCH] seq=34654471 subtask=3/4 slot=0 uid=120 matches_this=62 total_matches=15124593
[07:25:11.998] [tid=1498009] [[32minfo[m] [JOIN_DEBUG_MATCH] seq=34753324 subtask=2/4 slot=0 uid=188 matches_this=108 total_matches=15173369
[07:25:12.070] [tid=1498008] [[32minfo[m] [JOIN_DEBUG_MATCH] seq=34898565 subtask=1/4 slot=1 uid=500293 matches_this=182 total_matches=15245183
[07:25:12.184] [tid=1498009] [[32minfo[m] [JOIN_DEBUG_MATCH] seq=35081901 subtask=2/4 slot=0 uid=320 matches_this=159 total_matches=15336495
[07:25:12.345] [tid=1498008] [[32minfo[m] [JOIN_DEBUG_MATCH] seq=35308158 subtask=1/4 slot=1 uid=500416 matches_this=123 total_matches=15448537
[07:25:12.538] [tid=1498007] [[32minfo[m] [JOIN_DEBUG_MATCH] seq=35570848 subtask=0/4 slot=1 uid=500429 matches_this=372 total_matches=15579318
[07:25:12.613] [tid=1498009] [[32minfo[m] [ClusteredJoin] seq=35716027 BF subtask=2: query_uid=487, window_size=513, results=461
[07:25:12.688] [tid=1498008] [[32minfo[m] [JOIN_DEBUG_MATCH] seq=35869299 subtask=1/4 slot=0 uid=452 matches_this=160 total_matches=15728033
[07:25:12.705] [tid=1498008] [[32minfo[m] [ClusteredJoin] seq=35904233 BF subtask=1: query_uid=500542, window_size=458, results=198
[07:25:12.709] [tid=1498010] [[32minfo[m] [ClusteredJoin] seq=35911021 BF subtask=3: query_uid=497, window_size=503, results=444
[07:25:12.736] [tid=1498007] [[32minfo[m] [ClusteredJoin] seq=35966077 BF subtask=0: query_uid=500508, window_size=492, results=225
[07:25:12.857] [tid=1498007] [[32minfo[m] [JOIN_DEBUG_MATCH] seq=36213683 subtask=0/4 slot=1 uid=500551 matches_this=471 total_matches=15898515
[07:25:13.057] [tid=1498010] [[32minfo[m] [JOIN_DEBUG_MATCH] seq=36592077 subtask=3/4 slot=1 uid=500616 matches_this=90 total_matches=16088048
[07:25:13.300] [tid=1498007] [[32minfo[m] [JOIN_DEBUG_MATCH] seq=36993239 subtask=0/4 slot=1 uid=500664 matches_this=255 total_matches=16294705
[07:25:13.546] [tid=1498010] [[32minfo[m] [JOIN_DEBUG_MATCH] seq=37459828 subtask=3/4 slot=0 uid=732 matches_this=361 total_matches=16523152
[07:25:13.822] [tid=1498008] [[32minfo[m] [JOIN_DEBUG_MATCH] seq=37966205 subtask=1/4 slot=0 uid=750 matches_this=305 total_matches=16772038
[07:25:14.136] [tid=1498007] [[32minfo[m] [JOIN_DEBUG_MATCH] seq=38506127 subtask=0/4 slot=1 uid=500851 matches_this=735 total_matches=17042395
[07:25:14.348] [tid=1498009] [[32minfo[m] [ClusteredJoin] seq=38870067 BF subtask=2: query_uid=987, window_size=1013, results=907
[07:25:14.460] [tid=1498010] [[32minfo[m] [JOIN_DEBUG_MATCH] seq=39074702 subtask=3/4 slot=1 uid=500920 matches_this=445 total_matches=17334628
[07:25:14.885] [tid=1498009] [[32minfo[m] [JOIN_DEBUG_MATCH] seq=39704778 subtask=2/4 slot=1 uid=501393 matches_this=597 total_matches=17641346
[07:25:14.981] [tid=1498008] [[32minfo[m] [ClusteredJoin] seq=39876509 BF subtask=1: query_uid=501187, window_size=958, results=851
[07:25:15.003] [tid=1498010] [[32minfo[m] [ClusteredJoin] seq=39916310 BF subtask=3: query_uid=997, window_size=1003, results=874
[07:25:15.104] [tid=1498007] [[32minfo[m] [ClusteredJoin] seq=40094879 BF subtask=0: query_uid=501048, window_size=992, results=0
[07:25:15.269] [tid=1498009] [[32minfo[m] [JOIN_DEBUG_MATCH] seq=40368613 subtask=2/4 slot=0 uid=1495 matches_this=601 total_matches=17935708
[07:25:15.693] [tid=1498008] [[32minfo[m] [JOIN_DEBUG_MATCH] seq=41106262 subtask=1/4 slot=1 uid=501636 matches_this=377 total_matches=18228313
[07:25:15.970] [tid=1498009] [[32minfo[m] [JOIN_DEBUG_MATCH] seq=41704224 subtask=2/4 slot=1 uid=502043 matches_this=265 total_matches=18422294
[07:25:16.437] [tid=1498010] [[32minfo[m] [JOIN_DEBUG_MATCH] seq=42309978 subtask=3/4 slot=0 uid=1549 matches_this=586 total_matches=18623774
[07:25:17.461] [tid=1497823] [[32minfo[m] [PipelineHelper] seq=42889968 JoinOperator emits stable at 3730553
[07:25:47.470] [tid=1497823] [[33m[1mwarning[m] [PipelineHelper] seq=42889969 Sink did not process all emits: target=3730553 actual=1818938
[07:25:47.470] [tid=1497823] [[32minfo[m] [ENV] seq=42889970 Stopping StreamEnvironment...
[07:25:47.470] [tid=1497823] [[32minfo[m] [GRAPH] seq=42889971 Stopping ExecutionGraph...
[07:25:47.476] [tid=1497823] [[32minfo[m] [GRAPH] seq=42889972 All ExecutionVertices stopped
[07:25:47.476] [tid=1498007] [[32minfo[m] [VERTEX] seq=42889973 JoinOperator[0] finished
[07:25:47.476] [tid=1498008] [[32minfo[m] [VERTEX] seq=42889974 JoinOperator[1] finished
[07:25:47.476] [tid=1498009] [[32minfo[m] [VERTEX] seq=42889975 JoinOperator[2] finished
[07:25:47.476] [tid=1498010] [[32minfo[m] [VERTEX] seq=42889977 JoinOperator[3] finished
[07:25:47.476] [tid=1498005] [[32minfo[m] [VERTEX] seq=42889976 SinkOperator[0] finished
[07:25:47.477] [tid=1497823] [[32minfo[m] [GRAPH] seq=42889978 All ExecutionVertices finished
[07:25:47.477] [tid=1497823] [[32minfo[m] [ENV] seq=42889979 StreamEnvironment terminated
[07:25:47.486] [tid=1497823] [[32minfo[m] [GRAPH] seq=42889980 Stopping ExecutionGraph...
[07:25:47.491] [tid=1497823] [[32minfo[m] [GRAPH] seq=42889981 All ExecutionVertices stopped
[07:25:47.491] [tid=1497823] [[32minfo[m] [GRAPH] seq=42889982 All ExecutionVertices finished
[07:25:51.521] [tid=1497823] [[32minfo[m] [IntegrationTest] seq=42889984 [clustered_k_sweep_k1] Algorithm=clustered_join, Size=500, Para=4, Recall=0.6408, Precision=1.0000, Expected=2838544, Actual=1818938, TP=1818938, Dedup=1911615, Time=35649.97ms, PASSED
[07:25:51.521] [tid=1497823] [[32minfo[m] [IntegrationTest] seq=42889985 [clustered_k_sweep_k1] Breakdown: window=3054µs, index=14464µs, expire=9866µs, candidate=5111029µs, sim=794691µs, join_func=6784064µs, emit=4742659µs, lock=0µs | records: L=5247, R=5247, emits=3730553
[       OK ] AllBaselineMethods/JoinBaselineIntegrationTest.ExecuteMinimalConfiguration/clustered_k_sweep_k1 (40544 ms)
[ RUN      ] AllBaselineMethods/JoinBaselineIntegrationTest.ExecuteMinimalConfiguration/clustered_k_sweep_k4
[07:25:51.521] [tid=1497823] [[33m[1mwarning[m] [IntegrationTest] seq=42889986 [clustered_k_sweep_k4] Config warning: ClusteredJoin: num_partitions=4 should equal parallelism to avoid recall loss. Runtime check will enforce this constraint.
[07:25:51.521] [tid=1497823] [[33m[1mwarning[m] [IntegrationTest] seq=42889987 [clustered_k_sweep_k4] Config warning: ClusteredJoin with multicast_k=4 may increase memory usage and computation due to vector replication.
[07:25:51.521] [tid=1497823] [[32minfo[m] [IntegrationTest] seq=42889988 SetUp test case: TestCase{name=clustered_k_sweep_k4, algorithm=clustered_join, sizes=[500], parallelism=[4], min_recall=0.95, enabled=true}
[07:25:51.521] [tid=1497823] [[32minfo[m] [IntegrationTest] seq=42889989 [clustered_k_sweep_k4] Minimal test with data_size=500, parallelism=4
[07:25:51.521] [tid=1497823] [[32minfo[m] [IntegrationTest] seq=42889990 [clustered_k_sweep_k4] Generating data: positive_pairs=500, near_threshold=50, negative_pairs=500, random_tail=150, threshold=0.8
[07:25:51.540] [tid=1497823] [[32minfo[m] [TEST] seq=42889991 [JoinDataSourcePair] Generated 2250 left and 2250 right records
[07:25:51.540] [tid=1497823] [[32minfo[m] [IntegrationTest] seq=42889992 [clustered_k_sweep_k4] Split into left=2250 records, right=2250 records
[07:25:52.431] [tid=1497823] [[32minfo[m] [IntegrationTest] seq=42889993 [clustered_k_sweep_k4] Expected matches (all pairs with sim >= 0.80): 2838544
[07:25:52.431] [tid=1497823] [[32minfo[m] [ENV] seq=42889994 Building execution graph streams=2 
[07:25:52.431] [tid=1497823] [[32minfo[m] [JOIN] seq=42889995 JoinOperator created with strategy config: algorithm=clustered_join partition=centroid window_state=partitioned
[07:25:52.431] [tid=1497823] [[32minfo[m] [JOIN] seq=42889996 Created CentroidPartitioner for ClusteredJoin: partitions=4 overlap=0.10 multicast=true multicast_k=4
[07:25:52.431] [tid=1497823] [[32minfo[m] [GRAPH] seq=42889997 Using multicast-capable partitioner for connection OutputOperator -> JoinOperator (slot=1)
[07:25:52.432] [tid=1497823] [[32minfo[m] [JOIN] seq=42889999 Created CentroidPartitioner for ClusteredJoin: partitions=4 overlap=0.10 multicast=true multicast_k=4
[07:25:52.432] [tid=1497823] [[32minfo[m] [GRAPH] seq=42890000 Using multicast-capable partitioner for connection OutputOperator -> JoinOperator (slot=0)
[07:25:52.432] [tid=1497823] [[32minfo[m] [GRAPH] seq=42890001 Starting ExecutionGraph operators=4 
[07:25:52.432] [tid=1498082] [[32minfo[m] [JOIN] seq=42890005 Initializing with strategy config: algorithm=clustered_join parallelism=4
[07:25:52.432] [tid=1498082] [[32minfo[m] [JOIN_FACTORY] seq=42890006 Created index pair: left=0 right=1 type=2
[07:25:52.432] [tid=1497823] [[32minfo[m] [GRAPH] seq=42890009 All ExecutionVertices started
[07:25:52.432] [tid=1497823] [[32minfo[m] [ENV] seq=42890010 StreamEnvironment started
[07:25:52.432] [tid=1497823] [[32minfo[m] [LOG] seq=42890011 log_level_applied level=info 
[07:25:52.434] [tid=1498082] [[32minfo[m] [ClusteredJoin] seq=42890014 Created with threshold=0.8, dimension=128, index_type=0
[07:25:52.434] [tid=1498082] [[32minfo[m] [JOIN_FACTORY] seq=42890015 Creating CentroidPartitioner: partitions=4 cold_start=true training_samples=200 multicast_k=4
[07:25:52.435] [tid=1498082] [[32minfo[m] [JOIN_FACTORY] seq=42890016 Creating CentroidPartitioner: partitions=4 cold_start=true training_samples=200 multicast_k=4
[07:25:52.435] [tid=1498082] [[32minfo[m] [JOIN_FACTORY] seq=42890017 Created strategy components: algorithm=clustered_join partition=centroid window_state=partitioned
[07:25:52.435] [tid=1498082] [[32minfo[m] [ClusteredJoin] seq=42890018 Initialized subtask 0 of 4, effective_parallelism=4
[07:25:52.435] [tid=1498082] [[32minfo[m] [ClusteredJoin] seq=42890019 WindowStates set: left=true, right=true, index_type=0
[07:25:52.435] [tid=1498082] [[32minfo[m] [ClusteredJoin] seq=42890020 BruteForce mode: will use WindowState directly instead of ConcurrencyManager
[07:25:52.435] [tid=1498082] [[32minfo[m] [ClusteredJoin] seq=42890021 Index IDs set: left=0, right=1
[07:25:52.435] [tid=1498082] [[32minfo[m] [JOIN] seq=42890022 ClusteredJoinMethod initialized via strategy config, subtask=0/4 left_idx=0 right_idx=1 effective_p=1 index_type=0
[07:25:52.435] [tid=1498082] [[32minfo[m] [JOIN] seq=42890023 JoinOperator initialized with strategy config: subtask=0/4 shared_state=false
[07:25:52.435] [tid=1498082] [[32minfo[m] [JOIN_DEBUG_MATCH] seq=42890091 subtask=0/4 slot=0 uid=6 matches_this=4 total_matches=18815308
[07:25:52.438] [tid=1498087] [[32minfo[m] [CentroidPartitioner] seq=42892635 Cold-start training triggered with 1000 samples
[07:25:52.439] [tid=1498086] [[32minfo[m] [CentroidPartitioner] seq=42895887 Cold-start training triggered with 1000 samples
[07:25:52.447] [tid=1498082] [[32minfo[m] [JOIN_DEBUG_MATCH] seq=42913272 subtask=0/4 slot=0 uid=77 matches_this=61 total_matches=18826187
[07:25:52.449] [tid=1498087] [[32minfo[m] [CentroidPartitioner] seq=42917758 Training completed with 4 partitions, first 4 centroids[0]: -0.010811 -0.008819 0.009975 0.013181 
[07:25:52.449] [tid=1498087] [[32minfo[m] [CentroidPartitioner] seq=42917818 Cold-start training completed
[07:25:52.449] [tid=1498087] [[32minfo[m] [CentroidPartitioner] seq=42917967 partitionMulti: uid=1000, getPartitions returned 4 partitions, multicast_k=4
[07:25:52.449] [tid=1498087] [[32minfo[m] [CentroidPartitioner] seq=42918006 partitionMulti: uid=1001, getPartitions returned 4 partitions, multicast_k=4
[07:25:52.449] [tid=1498087] [[32minfo[m] [CentroidPartitioner] seq=42918031 partitionMulti: uid=1002, getPartitions returned 4 partitions, multicast_k=4
[07:25:52.449] [tid=1498087] [[32minfo[m] [CentroidPartitioner] seq=42918068 partitionMulti: uid=1003, getPartitions returned 4 partitions, multicast_k=4
[07:25:52.449] [tid=1498087] [[32minfo[m] [CentroidPartitioner] seq=42918145 partitionMulti: uid=1004, getPartitions returned 4 partitions, multicast_k=4
[07:25:52.450] [tid=1498086] [[32minfo[m] [CentroidPartitioner] seq=42921196 Training completed with 4 partitions, first 4 centroids[0]: -0.010811 -0.008819 0.009975 0.013181 
[07:25:52.450] [tid=1498086] [[32minfo[m] [CentroidPartitioner] seq=42921245 Cold-start training completed
[07:25:52.450] [tid=1498086] [[32minfo[m] [CentroidPartitioner] seq=42921461 partitionMulti: uid=501000, getPartitions returned 4 partitions, multicast_k=4
[07:25:52.450] [tid=1498086] [[32minfo[m] [CentroidPartitioner] seq=42921602 partitionMulti: uid=501001, getPartitions returned 4 partitions, multicast_k=4
[07:25:52.450] [tid=1498086] [[32minfo[m] [CentroidPartitioner] seq=42921651 partitionMulti: uid=501002, getPartitions returned 4 partitions, multicast_k=4
[07:25:52.450] [tid=1498086] [[32minfo[m] [CentroidPartitioner] seq=42921680 partitionMulti: uid=501003, getPartitions returned 4 partitions, multicast_k=4
[07:25:52.450] [tid=1498086] [[32minfo[m] [CentroidPartitioner] seq=42921713 partitionMulti: uid=501004, getPartitions returned 4 partitions, multicast_k=4
[07:25:52.458] [tid=1498087] [[32minfo[m] [VERTEX] seq=42934212 OutputOperator[0] finished
[07:25:52.461] [tid=1498086] [[32minfo[m] [VERTEX] seq=42939490 OutputOperator[0] finished
[07:25:52.485] [tid=1498085] [[32minfo[m] [JOIN_DEBUG_MATCH] seq=42975716 subtask=3/4 slot=1 uid=500131 matches_this=115 total_matches=18856707
[07:25:52.536] [tid=1498082] [[32minfo[m] [JOIN_DEBUG_MATCH] seq=43075143 subtask=0/4 slot=1 uid=500188 matches_this=100 total_matches=18905617
[07:25:52.617] [tid=1498084] [[32minfo[m] [JOIN_DEBUG_MATCH] seq=43221409 subtask=2/4 slot=1 uid=500254 matches_this=118 total_matches=18978111
[07:25:52.744] [tid=1498085] [[32minfo[m] [JOIN_DEBUG_MATCH] seq=43405980 subtask=3/4 slot=1 uid=500317 matches_this=287 total_matches=19069600
[07:25:52.915] [tid=1498083] [[32minfo[m] [JOIN_DEBUG_MATCH] seq=43630990 subtask=1/4 slot=1 uid=500373 matches_this=329 total_matches=19181217
[07:25:53.114] [tid=1498082] [[32minfo[m] [JOIN_DEBUG_MATCH] seq=43897835 subtask=0/4 slot=1 uid=500432 matches_this=213 total_matches=19313826
[07:25:53.303] [tid=1498085] [[32minfo[m] [ClusteredJoin] seq=44149194 BF subtask=3: query_uid=500, window_size=500, results=196
[07:25:53.331] [tid=1498084] [[32minfo[m] [ClusteredJoin] seq=44187179 BF subtask=2: query_uid=500, window_size=500, results=196
[07:25:53.334] [tid=1498082] [[32minfo[m] [ClusteredJoin] seq=44191590 BF subtask=0: query_uid=500495, window_size=505, results=453
[07:25:53.335] [tid=1498083] [[32minfo[m] [JOIN_DEBUG_MATCH] seq=44193844 subtask=1/4 slot=0 uid=498 matches_this=78 total_matches=19460943
[07:25:53.342] [tid=1498083] [[32minfo[m] [ClusteredJoin] seq=44203238 BF subtask=1: query_uid=500, window_size=500, results=196
[07:25:53.577] [tid=1498083] [[32minfo[m] [JOIN_DEBUG_MATCH] seq=44534360 subtask=1/4 slot=0 uid=560 matches_this=274 total_matches=19630961
[07:25:53.783] [tid=1498082] [[32minfo[m] [JOIN_DEBUG_MATCH] seq=44915306 subtask=0/4 slot=0 uid=638 matches_this=71 total_matches=19820759
[07:25:54.002] [tid=1498084] [[32minfo[m] [JOIN_DEBUG_MATCH] seq=45325515 subtask=2/4 slot=0 uid=682 matches_this=189 total_matches=20025284
[07:25:54.245] [tid=1498085] [[32minfo[m] [JOIN_DEBUG_MATCH] seq=45788417 subtask=3/4 slot=0 uid=751 matches_this=664 total_matches=20255183
[07:25:54.514] [tid=1498083] [[32minfo[m] [JOIN_DEBUG_MATCH] seq=46284297 subtask=1/4 slot=1 uid=500801 matches_this=703 total_matches=20502613
[07:25:54.795] [tid=1498084] [[32minfo[m] [JOIN_DEBUG_MATCH] seq=46825949 subtask=2/4 slot=0 uid=872 matches_this=416 total_matches=20773608
[07:25:55.098] [tid=1498085] [[32minfo[m] [JOIN_DEBUG_MATCH] seq=47408009 subtask=3/4 slot=0 uid=956 matches_this=342 total_matches=21063064
[07:25:55.317] [tid=1498085] [[32minfo[m] [ClusteredJoin] seq=47797877 BF subtask=3: query_uid=1000, window_size=1000, results=270
[07:25:55.379] [tid=1498084] [[32minfo[m] [ClusteredJoin] seq=47904368 BF subtask=2: query_uid=1000, window_size=1000, results=270
[07:25:55.444] [tid=1498083] [[32minfo[m] [JOIN_DEBUG_MATCH] seq=48000127 subtask=1/4 slot=0 uid=968 matches_this=428 total_matches=21359459
[07:25:55.472] [tid=1498082] [[32minfo[m] [ClusteredJoin] seq=48045670 BF subtask=0: query_uid=500995, window_size=1005, results=895
[07:25:55.646] [tid=1498083] [[32minfo[m] [ClusteredJoin] seq=48335779 BF subtask=1: query_uid=1000, window_size=1000, results=270
[07:25:55.759] [tid=1498082] [[32minfo[m] [JOIN_DEBUG_MATCH] seq=48453206 subtask=0/4 slot=1 uid=501049 matches_this=878 total_matches=21593170
[07:25:56.157] [tid=1498083] [[32minfo[m] [JOIN_DEBUG_MATCH] seq=49098669 subtask=1/4 slot=1 uid=501105 matches_this=849 total_matches=21894852
[07:25:56.681] [tid=1498083] [[32minfo[m] [JOIN_DEBUG_MATCH] seq=50030497 subtask=1/4 slot=0 uid=1167 matches_this=869 total_matches=22323202
[07:25:57.193] [tid=1498083] [[32minfo[m] [JOIN_DEBUG_MATCH] seq=51000079 subtask=1/4 slot=0 uid=1223 matches_this=872 total_matches=22754503
[07:25:57.744] [tid=1498084] [[32minfo[m] [JOIN_DEBUG_MATCH] seq=51970399 subtask=2/4 slot=0 uid=1334 matches_this=868 total_matches=23188401
[07:25:58.284] [tid=1498085] [[32minfo[m] [JOIN_DEBUG_MATCH] seq=53016736 subtask=3/4 slot=0 uid=1387 matches_this=898 total_matches=23625777
[07:25:58.785] [tid=1498085] [[32minfo[m] [JOIN_DEBUG_MATCH] seq=54097469 subtask=3/4 slot=0 uid=1455 matches_this=892 total_matches=24065804
[07:25:59.035] [tid=1498084] [[32minfo[m] [ClusteredJoin] seq=54634891 BF subtask=2: query_uid=1500, window_size=1500, results=1331
[07:25:59.121] [tid=1498085] [[32minfo[m] [ClusteredJoin] seq=54821925 BF subtask=3: query_uid=1500, window_size=1500, results=1331
[07:25:59.346] [tid=1498082] [[32minfo[m] [ClusteredJoin] seq=55070812 BF subtask=0: query_uid=501495, window_size=1501, results=1353
[07:25:59.393] [tid=1498085] [[32minfo[m] [JOIN_DEBUG_MATCH] seq=55171402 subtask=3/4 slot=0 uid=1522 matches_this=885 total_matches=24509909
[07:25:59.935] [tid=1498084] [[32minfo[m] [JOIN_DEBUG_MATCH] seq=56315810 subtask=2/4 slot=1 uid=501601 matches_this=899 total_matches=24958477
[07:25:59.945] [tid=1498083] [[32minfo[m] [ClusteredJoin] seq=56338279 BF subtask=1: query_uid=1500, window_size=1500, results=1331
[07:26:00.466] [tid=1498082] [[32minfo[m] [JOIN_DEBUG_MATCH] seq=57440754 subtask=0/4 slot=0 uid=1639 matches_this=896 total_matches=25410523
[07:26:01.015] [tid=1498084] [[32minfo[m] [JOIN_DEBUG_MATCH] seq=58559462 subtask=2/4 slot=0 uid=1736 matches_this=923 total_matches=25867059
[07:26:01.586] [tid=1498084] [[32minfo[m] [JOIN_DEBUG_MATCH] seq=59691699 subtask=2/4 slot=0 uid=1797 matches_this=931 total_matches=26326767
[07:26:02.145] [tid=1498085] [[32minfo[m] [JOIN_DEBUG_MATCH] seq=60853614 subtask=3/4 slot=1 uid=501840 matches_this=928 total_matches=26790517
[07:26:02.765] [tid=1498085] [[32minfo[m] [JOIN_DEBUG_MATCH] seq=62024719 subtask=3/4 slot=0 uid=1909 matches_this=940 total_matches=27258022
[07:26:03.396] [tid=1498084] [[32minfo[m] [JOIN_DEBUG_MATCH] seq=63189416 subtask=2/4 slot=1 uid=501988 matches_this=948 total_matches=27728668
[07:26:03.503] [tid=1498084] [[32minfo[m] [ClusteredJoin] seq=63413159 BF subtask=2: query_uid=2000, window_size=1501, results=1394
[07:26:03.575] [tid=1498085] [[32minfo[m] [ClusteredJoin] seq=63566525 BF subtask=3: query_uid=2000, window_size=1501, results=1394
[07:26:04.017] [tid=1498082] [[32minfo[m] [ClusteredJoin] seq=64273773 BF subtask=0: query_uid=501995, window_size=1501, results=1394
[07:26:04.083] [tid=1498083] [[32minfo[m] [JOIN_DEBUG_MATCH] seq=64365167 subtask=1/4 slot=0 uid=1910 matches_this=941 total_matches=28204046
[07:26:04.832] [tid=1498082] [[32minfo[m] [JOIN_DEBUG_MATCH] seq=65547986 subtask=0/4 slot=0 uid=2075 matches_this=977 total_matches=28689999
[07:26:05.132] [tid=1498083] [[32minfo[m] [ClusteredJoin] seq=66038953 BF subtask=1: query_uid=2000, window_size=1501, results=1394
[07:26:05.557] [tid=1498082] [[32minfo[m] [JOIN_DEBUG_MATCH] seq=66746159 subtask=0/4 slot=1 uid=502127 matches_this=1011 total_matches=29183804
[07:26:06.248] [tid=1498082] [[32minfo[m] [JOIN_DEBUG_MATCH] seq=67952869 subtask=0/4 slot=1 uid=502186 matches_this=1011 total_matches=29682164
[07:26:07.920] [tid=1497823] [[32minfo[m] [PipelineHelper] seq=69129828 JoinOperator emits stable at 11354176
[07:26:37.922] [tid=1497823] [[33m[1mwarning[m] [PipelineHelper] seq=69129829 Sink did not process all emits: target=11354176 actual=2838544
[07:26:37.922] [tid=1497823] [[32minfo[m] [ENV] seq=69129830 Stopping StreamEnvironment...
[07:26:37.922] [tid=1497823] [[32minfo[m] [GRAPH] seq=69129831 Stopping ExecutionGraph...
[07:26:37.928] [tid=1497823] [[32minfo[m] [GRAPH] seq=69129832 All ExecutionVertices stopped
[07:26:37.928] [tid=1498082] [[32minfo[m] [VERTEX] seq=69129833 JoinOperator[0] finished
[07:26:37.928] [tid=1498083] [[32minfo[m] [VERTEX] seq=69129834 JoinOperator[1] finished
[07:26:37.929] [tid=1498084] [[32minfo[m] [VERTEX] seq=69129835 JoinOperator[2] finished
[07:26:37.929] [tid=1498081] [[32minfo[m] [VERTEX] seq=69129837 SinkOperator[0] finished
[07:26:37.929] [tid=1498085] [[32minfo[m] [VERTEX] seq=69129836 JoinOperator[3] finished
[07:26:37.932] [tid=1497823] [[32minfo[m] [GRAPH] seq=69129838 All ExecutionVertices finished
[07:26:37.932] [tid=1497823] [[32minfo[m] [ENV] seq=69129839 StreamEnvironment terminated
[07:26:38.070] [tid=1497823] [[32minfo[m] [GRAPH] seq=69129840 Stopping ExecutionGraph...
[07:26:38.075] [tid=1497823] [[32minfo[m] [GRAPH] seq=69129841 All ExecutionVertices stopped
[07:26:38.075] [tid=1497823] [[32minfo[m] [GRAPH] seq=69129842 All ExecutionVertices finished
[07:26:42.929] [tid=1497823] [[32minfo[m] [IntegrationTest] seq=69129844 [clustered_k_sweep_k4] Algorithm=clustered_join, Size=500, Para=4, Recall=1.0000, Precision=1.0000, Expected=2838544, Actual=2838544, TP=2838544, Dedup=8515632, Time=45735.03ms, PASSED
[07:26:42.929] [tid=1497823] [[32minfo[m] [IntegrationTest] seq=69129845 [clustered_k_sweep_k4] Breakdown: window=6047µs, index=32582µs, expire=16362µs, candidate=18209637µs, sim=2689946µs, join_func=19825347µs, emit=14049118µs, lock=0µs | records: L=9000, R=9000, emits=11354176
[       OK ] AllBaselineMethods/JoinBaselineIntegrationTest.ExecuteMinimalConfiguration/clustered_k_sweep_k4 (51408 ms)
[----------] 4 tests from AllBaselineMethods/JoinBaselineIntegrationTest (182711 ms total)

[----------] Global test environment tear-down
[==========] 4 tests from 1 test suite ran. (182711 ms total)
[  PASSED  ] 4 tests.
[07:26:42.931] [tid=1497823] [[32minfo[m] [TestReport] seq=69129846 JSON report written to test/result/integration/report.json
[07:26:42.931] [tid=1497823] [[32minfo[m] [TestReport] seq=69129847 Markdown report written to test/result/integration/report.md

========================================
    Integration Test Summary
========================================

Report: Join Baseline Integration Tests
Total: 2 | Passed: 2 | Failed: 0 | Skipped: 0
Duration: 1m 20s

By Algorithm:
  clustered_join  Pass: 2/2  Recall: 0.820  Precision: 1.000  Throughput: 352/s

========================================
[07:26:42.931] [tid=1497823] [[32minfo[m] [IntegrationTest] seq=69129848 Reports generated: test/result/integration/report.json, report.md
